\BOOKMARK [1][-]{section.1}{\376\377\003\230\003\265\003\311\003\301\003\267\003\304\003\271\003\272\003\256\000\040\003\225\003\271\003\303\003\261\003\263\003\311\003\263\003\256}{}% 1
\BOOKMARK [2][-]{subsection.1.1}{\376\377\000S\000i\000m\000p\000l\000i\000c\000i\000a\000l\000\040\000C\000o\000m\000p\000l\000e\000x\000e\000s}{section.1}% 2
\BOOKMARK [2][-]{subsection.1.2}{\376\377\000P\000e\000r\000s\000i\000s\000t\000e\000n\000t\000\040\000H\000o\000m\000o\000l\000o\000g\000y}{section.1}% 3
\BOOKMARK [2][-]{subsection.1.3}{\376\377\000M\000a\000p\000p\000e\000r}{section.1}% 4
\BOOKMARK [1][-]{section.2}{\376\377\003\234\003\265\003\270\003\277\003\264\003\277\003\273\003\277\003\263\003\257\003\261}{}% 5
\BOOKMARK [2][-]{subsection.2.1}{\376\377\003\222\003\271\003\262\003\273\003\271\003\277\003\270\003\256\003\272\003\265\003\302}{section.2}% 6
\BOOKMARK [2][-]{subsection.2.2}{\376\377\003\221\003\271\003\304\003\271\003\277\003\273\003\314\003\263\003\267\003\303\003\267\000\040\003\225\003\300\003\271\003\273\003\277\003\263\003\316\003\275}{section.2}% 7
\BOOKMARK [1][-]{section.3}{\376\377\003\221\003\300\003\277\003\304\003\265\003\273\003\255\003\303\003\274\003\261\003\304\003\261\000\040\000\046\000\040\003\221\003\275\003\254\003\273\003\305\003\303\003\267}{}% 8
\BOOKMARK [2][-]{subsection.3.1}{\376\377\003\225\003\301\003\316\003\304\003\267\003\274\003\261\000\040\003\221}{section.3}% 9
\BOOKMARK [3][-]{subsubsection.3.1.1}{\376\377\003\221\000.\0001\040\024\003\235\003\255\003\306\003\277\003\302\000\040\003\243\003\267\003\274\003\265\003\257\003\311\003\275\000\040\000\046\000\040\000V\000i\000e\000t\000o\000r\000i\000s\040\023\000R\000i\000p\000s\000\040\000\050\000f\000r\000o\000m\000\040\000s\000c\000r\000a\000t\000c\000h\000\051}{subsection.3.1}% 10
\BOOKMARK [3][-]{subsubsection.3.1.2}{\376\377\003\221\000.\0002\040\024\003\243\003\315\003\263\003\272\003\301\003\271\003\303\003\267\000\040\000V\000R\000/\000C\000e\000c\000h\000/\000A\000l\000p\000h\000a\000\040\003\274\003\255\003\303\003\311\000\040\000G\000U\000D\000H\000I}{subsection.3.1}% 11
\BOOKMARK [3][-]{subsubsection.3.1.3}{\376\377\003\221\000.\0003\040\024\000F\000i\000l\000t\000r\000a\000t\000i\000o\000n\000\040\000\046\000\040\003\221\003\275\003\254\003\273\003\305\003\303\003\267\000\040\003\232\003\273\003\257\003\274\003\261\003\272\003\261\003\302}{subsection.3.1}% 12
\BOOKMARK [3][-]{subsubsection.3.1.4}{\376\377\003\221\000.\0004\040\024\003\237\003\300\003\304\003\271\003\272\003\277\003\300\003\277\003\257\003\267\003\303\003\267\000\040\003\303\003\265\000\040\0003\000\040\003\224\003\271\003\261\003\303\003\304\003\254\003\303\003\265\003\271\003\302\000\040\000\050\0003\000D\000\051}{subsection.3.1}% 13
\BOOKMARK [2][-]{subsection.3.2}{\376\377\003\225\003\301\003\316\003\304\003\267\003\274\003\261\000\040\003\222}{section.3}% 14
\BOOKMARK [3][-]{subsubsection.3.2.1}{\376\377\003\222\000.\0001\000:\000\040\000P\000e\000r\000s\000i\000s\000t\000e\000n\000t\000\040\000H\000o\000m\000o\000l\000o\000g\000y\000\040\003\261\003\300\003\314\000\040\003\235\003\255\003\306\003\267\000\040\003\243\003\267\003\274\003\265\003\257\003\311\003\275}{subsection.3.2}% 15
\BOOKMARK [3][-]{subsubsection.3.2.2}{\376\377\003\222\000.\0002\000:\000\040\003\243\003\304\003\271\003\262\003\261\003\301\003\314\003\304\003\267\003\304\003\261\000\040\000\050\000R\000o\000b\000u\000s\000t\000n\000e\000s\000s\000\051\000\040\003\303\003\265\000\040\000G\000a\000u\000s\000s\000i\000a\000n\000\040\003\230\003\314\003\301\003\305\003\262\003\277}{subsection.3.2}% 16
\BOOKMARK [3][-]{subsubsection.3.2.3}{\376\377\003\222\000.\0003\000:\000\040\000P\000e\000r\000s\000i\000s\000t\000e\000n\000t\000\040\000H\000o\000m\000o\000l\000o\000g\000y\000\040\003\303\003\265\000\040\003\223\003\301\003\254\003\306\003\277\003\305\003\302}{subsection.3.2}% 17
\BOOKMARK [2][-]{subsection.3.3}{\376\377\003\225\003\301\003\316\003\304\003\267\003\274\003\261\000\040\003\223}{section.3}% 18
\BOOKMARK [3][-]{subsubsection.3.3.1}{\376\377\003\223\000.\0001\000:\000\040\003\245\003\273\003\277\003\300\003\277\003\257\003\267\003\303\003\267\000\040\000M\000a\000p\000p\000e\000r\000\040\003\265\003\272\000\040\003\304\003\277\003\305\000\040\003\234\003\267\003\264\003\265\003\275\003\314\003\302}{subsection.3.3}% 19
\BOOKMARK [3][-]{subsubsection.3.3.2}{\376\377\003\223\000.\0002\000:\000\040\003\225\003\306\003\261\003\301\003\274\003\277\003\263\003\256\000\040\000M\000a\000p\000p\000e\000r\000\040\000\046\000\040\003\221\003\275\003\254\003\273\003\305\003\303\003\267\000\040\003\225\003\305\003\261\003\271\003\303\003\270\003\267\003\303\003\257\003\261\003\302}{subsection.3.3}% 20
\BOOKMARK [2][-]{subsection.3.4}{\376\377\003\225\003\301\003\316\003\304\003\267\003\274\003\261\000\040\003\224\000\040\040\024\000\040\003\225\003\306\003\261\003\301\003\274\003\277\003\263\003\256\000\040\003\303\003\265\000\040\003\240\003\301\003\261\003\263\003\274\003\261\003\304\003\271\003\272\003\254\000\040\003\224\003\265\003\264\003\277\003\274\003\255\003\275\003\261}{section.3}% 21
\BOOKMARK [3][-]{subsubsection.3.4.1}{\376\377\003\224\000.\0001\000\040\040\024\000\040\003\221\003\275\003\254\003\273\003\305\003\303\003\267\000\040\003\240\003\301\003\316\003\304\003\277\003\305\000\040\000D\000a\000t\000a\000s\000e\000t\000\040\000\050\000B\000r\000e\000a\000s\000t\000\040\000C\000a\000n\000c\000e\000r\000\051}{subsection.3.4}% 22
\BOOKMARK [3][-]{subsubsection.3.4.2}{\376\377\003\224\000.\0002\000\040\040\024\000\040\003\221\003\275\003\254\003\273\003\305\003\303\003\267\000\040\003\224\003\265\003\315\003\304\003\265\003\301\003\277\003\305\000\040\000D\000a\000t\000a\000s\000e\000t\000\040\000\050\000S\000\046\000P\000\040\0005\0000\0000\000\051}{subsection.3.4}% 23
\BOOKMARK [3][-]{subsubsection.3.4.3}{\376\377\003\224\000.\0003\000\040\040\024\000\040\003\222\003\261\003\270\003\271\003\254\000\040\003\243\003\315\003\263\003\272\003\301\003\271\003\303\003\267\000\040\000\046\000\040\003\243\003\305\003\266\003\256\003\304\003\267\003\303\003\267\000:\000\040\000T\000D\000A\000\040\000v\000s\000\040\003\232\003\273\003\261\003\303\003\271\003\272\003\255\003\302\000\040\003\234\003\255\003\270\003\277\003\264\003\277\003\271}{subsection.3.4}% 24
\BOOKMARK [2][-]{subsection.3.5}{\376\377\003\225\003\301\003\316\003\304\003\267\003\274\003\261\000\040\003\225\000\040\040\024\000\040\000Z\000i\000g\000z\000a\000g\000\040\000P\000e\000r\000s\000i\000s\000t\000e\000n\000t\000\040\000H\000o\000m\000o\000l\000o\000g\000y}{section.3}% 25
\BOOKMARK [3][-]{subsubsection.3.5.1}{\376\377\003\225\000.\0001\000\040\040\024\000\040\000Z\000i\000g\000z\000a\000g\000\040\000P\000e\000r\000s\000i\000s\000t\000e\000n\000t\000\040\000H\000o\000m\000o\000l\000o\000g\000y\000\040\003\303\003\265\000\040\003\247\003\301\003\277\003\275\003\277\003\303\003\265\003\271\003\301\003\255\003\302}{subsection.3.5}% 26
\BOOKMARK [3][-]{subsubsection.3.5.2}{\376\377\003\225\000.\0002\000\040\040\024\000\040\000T\000o\000p\000o\000l\000o\000g\000i\000c\000a\000l\000\040\000L\000o\000s\000s\000\040\003\303\003\265\000\040\000N\000e\000u\000r\000a\000l\000\040\000N\000e\000t\000w\000o\000r\000k}{subsection.3.5}% 27
\BOOKMARK [1][-]{section.4}{\376\377\003\243\003\305\003\274\003\300\003\265\003\301\003\254\003\303\003\274\003\261\003\304\003\261}{}% 28
\BOOKMARK [1][-]{section.5}{\376\377\003\247\003\301\003\256\003\303\003\267\000\040\000A\000I}{}% 29
\BOOKMARK [1][-]{section.6}{\376\377\003\222\003\271\003\262\003\273\003\271\003\277\003\263\003\301\003\261\003\306\003\257\003\261}{}% 30
