This is pdfTeX, Version 3.141592653-2.6-1.40.29 (TeX Live 2026) (preloaded format=pdflatex 2026.6.9)  3 JUL 2026 03:58
entering extended mode
 restricted \write18 enabled.
 %&-line parsing enabled.
**tda_report.tex
(./tda_report.tex
LaTeX2e <2026-06-01>
L3 programming layer <2026-05-26>
(c:/Users/user/AppData/Roaming/TinyTeX/texmf-dist/tex/latex/base/article.cls
Document Class: article 2025/01/22 v1.4n Standard LaTeX document class
(c:/Users/user/AppData/Roaming/TinyTeX/texmf-dist/tex/latex/base/size12.clo
File: size12.clo 2025/01/22 v1.4n Standard LaTeX file (size option)
)
\c@part=\count276
\c@section=\count277
\c@subsection=\count278
\c@subsubsection=\count279
\c@paragraph=\count280
\c@subparagraph=\count281
\c@figure=\count282
\c@table=\count283
\abovecaptionskip=\skip49
\belowcaptionskip=\skip50
\bibindent=\dimen150
) (c:/Users/user/AppData/Roaming/TinyTeX/texmf-dist/tex/latex/base/inputenc.sty
Package: inputenc 2024/02/08 v1.3d Input encoding file
\inpenc@prehook=\toks17
\inpenc@posthook=\toks18
) (c:/Users/user/AppData/Roaming/TinyTeX/texmf-dist/tex/generic/babel/babel.sty
Package: babel 2026/05/20 v26.8 The multilingual framework for LuaLaTeX, pdfLaTeX and XeLaTeX
\babel@savecnt=\count284
LaTeX Encoding Info:    Redeclaring text command \ij (encoding OT1) on input line 2084.
LaTeX Encoding Info:    Redeclaring text command \IJ (encoding OT1) on input line 2086.
LaTeX Encoding Info:    Redeclaring text command \ij (encoding T1) on input line 2088.
LaTeX Encoding Info:    Redeclaring text command \IJ (encoding T1) on input line 2089.
LaTeX Encoding Info:    Ignoring declaration for text command \ij (encoding ?) on input line 2090.
LaTeX Encoding Info:    Ignoring declaration for text command \IJ (encoding ?) on input line 2092.
LaTeX Encoding Info:    Ignoring declaration for text command \SS (encoding ?) on input line 2117.
\U@D=\dimen151
\l@unhyphenated=\language7
 (c:/Users/user/AppData/Roaming/TinyTeX/texmf-dist/tex/generic/babel/txtbabel.def)
\bbl@readstream=\read2
\bbl@dirlevel=\count285
 (c:/Users/user/AppData/Roaming/TinyTeX/texmf-dist/tex/generic/babel/locale/el/babel-greek.tex) (c:/Users/user/AppData/Roaming/TinyTeX/texmf-dist/tex/generic/babel/locale/en/babel-english.tex)
Package babel Info: Importing font and identification data for greek
(babel)             from babel-el.ini. Reported on input line 4356.
 (c:/Users/user/AppData/Roaming/TinyTeX/texmf-dist/tex/generic/babel-greek/greek.ldf
Language: greek 2023/10/13 1.15 Greek support for the babel system


Package babel Warning: No hyphenation patterns were preloaded for
(babel)                the language 'greek' into the format.
(babel)                Please, configure your TeX system to add them and
(babel)                rebuild the format. Now I will use the patterns
(babel)                preloaded for \language=0 instead on input line 54.

Package babel Info: Hyphen rules for 'ancientgreek' set to \l@english
(babel)             (\language0). Reported on input line 55.
\bbl@monogreek=\count286
\bbl@polygreek=\count287
\bbl@ancientgreek=\count288
(c:/Users/user/AppData/Roaming/TinyTeX/texmf-dist/tex/latex/greek-fontenc/lgrenc.def
File: lgrenc.def 2023-09-12 2.5 LGR Greek font encoding definitions
Now handling font encoding LGR ...
... processing UTF-8 mapping file for font encoding LGR
 (c:/Users/user/AppData/Roaming/TinyTeX/texmf-dist/tex/latex/greek-inputenc/lgrenc.dfu
File: lgrenc.dfu 2023-03-21 1.9 UTF-8 support for Greek
   defining Unicode char U+00A8 (decimal 168)
   defining Unicode char U+00AB (decimal 171)
   defining Unicode char U+00AF (decimal 175)
   defining Unicode char U+00B4 (decimal 180)
   defining Unicode char U+00B7 (decimal 183)
   defining Unicode char U+00BB (decimal 187)
   defining Unicode char U+0259 (decimal 601)
   defining Unicode char U+02D8 (decimal 728)
   defining Unicode char U+0374 (decimal 884)
   defining Unicode char U+0375 (decimal 885)
   defining Unicode char U+037A (decimal 890)
   defining Unicode char U+037E (decimal 894)
   defining Unicode char U+0384 (decimal 900)
   defining Unicode char U+0385 (decimal 901)
   defining Unicode char U+0386 (decimal 902)
   defining Unicode char U+0387 (decimal 903)
   defining Unicode char U+0388 (decimal 904)
   defining Unicode char U+0389 (decimal 905)
   defining Unicode char U+038A (decimal 906)
   defining Unicode char U+038C (decimal 908)
   defining Unicode char U+038E (decimal 910)
   defining Unicode char U+038F (decimal 911)
   defining Unicode char U+0390 (decimal 912)
   defining Unicode char U+0391 (decimal 913)
   defining Unicode char U+0392 (decimal 914)
   defining Unicode char U+0393 (decimal 915)
   defining Unicode char U+0394 (decimal 916)
   defining Unicode char U+0395 (decimal 917)
   defining Unicode char U+0396 (decimal 918)
   defining Unicode char U+0397 (decimal 919)
   defining Unicode char U+0398 (decimal 920)
   defining Unicode char U+0399 (decimal 921)
   defining Unicode char U+039A (decimal 922)
   defining Unicode char U+039B (decimal 923)
   defining Unicode char U+039C (decimal 924)
   defining Unicode char U+039D (decimal 925)
   defining Unicode char U+039E (decimal 926)
   defining Unicode char U+039F (decimal 927)
   defining Unicode char U+03A0 (decimal 928)
   defining Unicode char U+03A1 (decimal 929)
   defining Unicode char U+03A3 (decimal 931)
   defining Unicode char U+03A4 (decimal 932)
   defining Unicode char U+03A5 (decimal 933)
   defining Unicode char U+03A6 (decimal 934)
   defining Unicode char U+03A7 (decimal 935)
   defining Unicode char U+03A8 (decimal 936)
   defining Unicode char U+03A9 (decimal 937)
   defining Unicode char U+03AA (decimal 938)
   defining Unicode char U+03AB (decimal 939)
   defining Unicode char U+03AC (decimal 940)
   defining Unicode char U+03AD (decimal 941)
   defining Unicode char U+03AE (decimal 942)
   defining Unicode char U+03AF (decimal 943)
   defining Unicode char U+03B0 (decimal 944)
   defining Unicode char U+03B1 (decimal 945)
   defining Unicode char U+03B2 (decimal 946)
   defining Unicode char U+03B3 (decimal 947)
   defining Unicode char U+03B4 (decimal 948)
   defining Unicode char U+03B5 (decimal 949)
   defining Unicode char U+03B6 (decimal 950)
   defining Unicode char U+03B7 (decimal 951)
   defining Unicode char U+03B8 (decimal 952)
   defining Unicode char U+03B9 (decimal 953)
   defining Unicode char U+03BA (decimal 954)
   defining Unicode char U+03BB (decimal 955)
   defining Unicode char U+03BC (decimal 956)
   defining Unicode char U+03BD (decimal 957)
   defining Unicode char U+03BE (decimal 958)
   defining Unicode char U+03BF (decimal 959)
   defining Unicode char U+03C0 (decimal 960)
   defining Unicode char U+03C1 (decimal 961)
   defining Unicode char U+03C2 (decimal 962)
   defining Unicode char U+03C3 (decimal 963)
   defining Unicode char U+03C4 (decimal 964)
   defining Unicode char U+03C5 (decimal 965)
   defining Unicode char U+03C6 (decimal 966)
   defining Unicode char U+03C7 (decimal 967)
   defining Unicode char U+03C8 (decimal 968)
   defining Unicode char U+03C9 (decimal 969)
   defining Unicode char U+03CA (decimal 970)
   defining Unicode char U+03CB (decimal 971)
   defining Unicode char U+03CC (decimal 972)
   defining Unicode char U+03CD (decimal 973)
   defining Unicode char U+03CE (decimal 974)
   defining Unicode char U+03D0 (decimal 976)
   defining Unicode char U+03D1 (decimal 977)
   defining Unicode char U+03D5 (decimal 981)
   defining Unicode char U+03D6 (decimal 982)
   defining Unicode char U+03D8 (decimal 984)
   defining Unicode char U+03D9 (decimal 985)
   defining Unicode char U+03DA (decimal 986)
   defining Unicode char U+03DB (decimal 987)
   defining Unicode char U+03DC (decimal 988)
   defining Unicode char U+03DD (decimal 989)
   defining Unicode char U+03DE (decimal 990)
   defining Unicode char U+03DF (decimal 991)
   defining Unicode char U+03E0 (decimal 992)
   defining Unicode char U+03E1 (decimal 993)
   defining Unicode char U+03F0 (decimal 1008)
   defining Unicode char U+03F1 (decimal 1009)
   defining Unicode char U+03F4 (decimal 1012)
   defining Unicode char U+03F5 (decimal 1013)
   defining Unicode char U+1F00 (decimal 7936)
   defining Unicode char U+1F01 (decimal 7937)
   defining Unicode char U+1F02 (decimal 7938)
   defining Unicode char U+1F03 (decimal 7939)
   defining Unicode char U+1F04 (decimal 7940)
   defining Unicode char U+1F05 (decimal 7941)
   defining Unicode char U+1F06 (decimal 7942)
   defining Unicode char U+1F07 (decimal 7943)
   defining Unicode char U+1F08 (decimal 7944)
   defining Unicode char U+1F09 (decimal 7945)
   defining Unicode char U+1F0A (decimal 7946)
   defining Unicode char U+1F0B (decimal 7947)
   defining Unicode char U+1F0C (decimal 7948)
   defining Unicode char U+1F0D (decimal 7949)
   defining Unicode char U+1F0E (decimal 7950)
   defining Unicode char U+1F0F (decimal 7951)
   defining Unicode char U+1F10 (decimal 7952)
   defining Unicode char U+1F11 (decimal 7953)
   defining Unicode char U+1F12 (decimal 7954)
   defining Unicode char U+1F13 (decimal 7955)
   defining Unicode char U+1F14 (decimal 7956)
   defining Unicode char U+1F15 (decimal 7957)
   defining Unicode char U+1F18 (decimal 7960)
   defining Unicode char U+1F19 (decimal 7961)
   defining Unicode char U+1F1A (decimal 7962)
   defining Unicode char U+1F1B (decimal 7963)
   defining Unicode char U+1F1C (decimal 7964)
   defining Unicode char U+1F1D (decimal 7965)
   defining Unicode char U+1F20 (decimal 7968)
   defining Unicode char U+1F21 (decimal 7969)
   defining Unicode char U+1F22 (decimal 7970)
   defining Unicode char U+1F23 (decimal 7971)
   defining Unicode char U+1F24 (decimal 7972)
   defining Unicode char U+1F25 (decimal 7973)
   defining Unicode char U+1F26 (decimal 7974)
   defining Unicode char U+1F27 (decimal 7975)
   defining Unicode char U+1F28 (decimal 7976)
   defining Unicode char U+1F29 (decimal 7977)
   defining Unicode char U+1F2A (decimal 7978)
   defining Unicode char U+1F2B (decimal 7979)
   defining Unicode char U+1F2C (decimal 7980)
   defining Unicode char U+1F2D (decimal 7981)
   defining Unicode char U+1F2E (decimal 7982)
   defining Unicode char U+1F2F (decimal 7983)
   defining Unicode char U+1F30 (decimal 7984)
   defining Unicode char U+1F31 (decimal 7985)
   defining Unicode char U+1F32 (decimal 7986)
   defining Unicode char U+1F33 (decimal 7987)
   defining Unicode char U+1F34 (decimal 7988)
   defining Unicode char U+1F35 (decimal 7989)
   defining Unicode char U+1F36 (decimal 7990)
   defining Unicode char U+1F37 (decimal 7991)
   defining Unicode char U+1F38 (decimal 7992)
   defining Unicode char U+1F39 (decimal 7993)
   defining Unicode char U+1F3A (decimal 7994)
   defining Unicode char U+1F3B (decimal 7995)
   defining Unicode char U+1F3C (decimal 7996)
   defining Unicode char U+1F3D (decimal 7997)
   defining Unicode char U+1F3E (decimal 7998)
   defining Unicode char U+1F3F (decimal 7999)
   defining Unicode char U+1F40 (decimal 8000)
   defining Unicode char U+1F41 (decimal 8001)
   defining Unicode char U+1F42 (decimal 8002)
   defining Unicode char U+1F43 (decimal 8003)
   defining Unicode char U+1F44 (decimal 8004)
   defining Unicode char U+1F45 (decimal 8005)
   defining Unicode char U+1F48 (decimal 8008)
   defining Unicode char U+1F49 (decimal 8009)
   defining Unicode char U+1F4A (decimal 8010)
   defining Unicode char U+1F4B (decimal 8011)
   defining Unicode char U+1F4C (decimal 8012)
   defining Unicode char U+1F4D (decimal 8013)
   defining Unicode char U+1F50 (decimal 8016)
   defining Unicode char U+1F51 (decimal 8017)
   defining Unicode char U+1F52 (decimal 8018)
   defining Unicode char U+1F53 (decimal 8019)
   defining Unicode char U+1F54 (decimal 8020)
   defining Unicode char U+1F55 (decimal 8021)
   defining Unicode char U+1F56 (decimal 8022)
   defining Unicode char U+1F57 (decimal 8023)
   defining Unicode char U+1F59 (decimal 8025)
   defining Unicode char U+1F5B (decimal 8027)
   defining Unicode char U+1F5D (decimal 8029)
   defining Unicode char U+1F5F (decimal 8031)
   defining Unicode char U+1F60 (decimal 8032)
   defining Unicode char U+1F61 (decimal 8033)
   defining Unicode char U+1F62 (decimal 8034)
   defining Unicode char U+1F63 (decimal 8035)
   defining Unicode char U+1F64 (decimal 8036)
   defining Unicode char U+1F65 (decimal 8037)
   defining Unicode char U+1F66 (decimal 8038)
   defining Unicode char U+1F67 (decimal 8039)
   defining Unicode char U+1F68 (decimal 8040)
   defining Unicode char U+1F69 (decimal 8041)
   defining Unicode char U+1F6A (decimal 8042)
   defining Unicode char U+1F6B (decimal 8043)
   defining Unicode char U+1F6C (decimal 8044)
   defining Unicode char U+1F6D (decimal 8045)
   defining Unicode char U+1F6E (decimal 8046)
   defining Unicode char U+1F6F (decimal 8047)
   defining Unicode char U+1F70 (decimal 8048)
   defining Unicode char U+1F71 (decimal 8049)
   defining Unicode char U+1F72 (decimal 8050)
   defining Unicode char U+1F73 (decimal 8051)
   defining Unicode char U+1F74 (decimal 8052)
   defining Unicode char U+1F75 (decimal 8053)
   defining Unicode char U+1F76 (decimal 8054)
   defining Unicode char U+1F77 (decimal 8055)
   defining Unicode char U+1F78 (decimal 8056)
   defining Unicode char U+1F79 (decimal 8057)
   defining Unicode char U+1F7A (decimal 8058)
   defining Unicode char U+1F7B (decimal 8059)
   defining Unicode char U+1F7C (decimal 8060)
   defining Unicode char U+1F7D (decimal 8061)
   defining Unicode char U+1F80 (decimal 8064)
   defining Unicode char U+1F81 (decimal 8065)
   defining Unicode char U+1F82 (decimal 8066)
   defining Unicode char U+1F83 (decimal 8067)
   defining Unicode char U+1F84 (decimal 8068)
   defining Unicode char U+1F85 (decimal 8069)
   defining Unicode char U+1F86 (decimal 8070)
   defining Unicode char U+1F87 (decimal 8071)
   defining Unicode char U+1F88 (decimal 8072)
   defining Unicode char U+1F89 (decimal 8073)
   defining Unicode char U+1F8A (decimal 8074)
   defining Unicode char U+1F8B (decimal 8075)
   defining Unicode char U+1F8C (decimal 8076)
   defining Unicode char U+1F8D (decimal 8077)
   defining Unicode char U+1F8E (decimal 8078)
   defining Unicode char U+1F8F (decimal 8079)
   defining Unicode char U+1F90 (decimal 8080)
   defining Unicode char U+1F91 (decimal 8081)
   defining Unicode char U+1F92 (decimal 8082)
   defining Unicode char U+1F93 (decimal 8083)
   defining Unicode char U+1F94 (decimal 8084)
   defining Unicode char U+1F95 (decimal 8085)
   defining Unicode char U+1F96 (decimal 8086)
   defining Unicode char U+1F97 (decimal 8087)
   defining Unicode char U+1F98 (decimal 8088)
   defining Unicode char U+1F99 (decimal 8089)
   defining Unicode char U+1F9A (decimal 8090)
   defining Unicode char U+1F9B (decimal 8091)
   defining Unicode char U+1F9C (decimal 8092)
   defining Unicode char U+1F9D (decimal 8093)
   defining Unicode char U+1F9E (decimal 8094)
   defining Unicode char U+1F9F (decimal 8095)
   defining Unicode char U+1FA0 (decimal 8096)
   defining Unicode char U+1FA1 (decimal 8097)
   defining Unicode char U+1FA2 (decimal 8098)
   defining Unicode char U+1FA3 (decimal 8099)
   defining Unicode char U+1FA4 (decimal 8100)
   defining Unicode char U+1FA5 (decimal 8101)
   defining Unicode char U+1FA6 (decimal 8102)
   defining Unicode char U+1FA7 (decimal 8103)
   defining Unicode char U+1FA8 (decimal 8104)
   defining Unicode char U+1FA9 (decimal 8105)
   defining Unicode char U+1FAA (decimal 8106)
   defining Unicode char U+1FAB (decimal 8107)
   defining Unicode char U+1FAC (decimal 8108)
   defining Unicode char U+1FAD (decimal 8109)
   defining Unicode char U+1FAE (decimal 8110)
   defining Unicode char U+1FAF (decimal 8111)
   defining Unicode char U+1FB0 (decimal 8112)
   defining Unicode char U+1FB1 (decimal 8113)
   defining Unicode char U+1FB2 (decimal 8114)
   defining Unicode char U+1FB3 (decimal 8115)
   defining Unicode char U+1FB4 (decimal 8116)
   defining Unicode char U+1FB6 (decimal 8118)
   defining Unicode char U+1FB7 (decimal 8119)
   defining Unicode char U+1FB8 (decimal 8120)
   defining Unicode char U+1FB9 (decimal 8121)
   defining Unicode char U+1FBA (decimal 8122)
   defining Unicode char U+1FBB (decimal 8123)
   defining Unicode char U+1FBC (decimal 8124)
   defining Unicode char U+1FBD (decimal 8125)
   defining Unicode char U+1FBE (decimal 8126)
   defining Unicode char U+1FBF (decimal 8127)
   defining Unicode char U+1FC0 (decimal 8128)
   defining Unicode char U+1FC1 (decimal 8129)
   defining Unicode char U+1FC2 (decimal 8130)
   defining Unicode char U+1FC3 (decimal 8131)
   defining Unicode char U+1FC4 (decimal 8132)
   defining Unicode char U+1FC6 (decimal 8134)
   defining Unicode char U+1FC7 (decimal 8135)
   defining Unicode char U+1FC8 (decimal 8136)
   defining Unicode char U+1FC9 (decimal 8137)
   defining Unicode char U+1FCA (decimal 8138)
   defining Unicode char U+1FCB (decimal 8139)
   defining Unicode char U+1FCC (decimal 8140)
   defining Unicode char U+1FCD (decimal 8141)
   defining Unicode char U+1FCE (decimal 8142)
   defining Unicode char U+1FCF (decimal 8143)
   defining Unicode char U+1FD0 (decimal 8144)
   defining Unicode char U+1FD1 (decimal 8145)
   defining Unicode char U+1FD2 (decimal 8146)
   defining Unicode char U+1FD3 (decimal 8147)
   defining Unicode char U+1FD6 (decimal 8150)
   defining Unicode char U+1FD7 (decimal 8151)
   defining Unicode char U+1FD8 (decimal 8152)
   defining Unicode char U+1FD9 (decimal 8153)
   defining Unicode char U+1FDA (decimal 8154)
   defining Unicode char U+1FDB (decimal 8155)
   defining Unicode char U+1FDD (decimal 8157)
   defining Unicode char U+1FDE (decimal 8158)
   defining Unicode char U+1FDF (decimal 8159)
   defining Unicode char U+1FE0 (decimal 8160)
   defining Unicode char U+1FE1 (decimal 8161)
   defining Unicode char U+1FE2 (decimal 8162)
   defining Unicode char U+1FE3 (decimal 8163)
   defining Unicode char U+1FE4 (decimal 8164)
   defining Unicode char U+1FE5 (decimal 8165)
   defining Unicode char U+1FE6 (decimal 8166)
   defining Unicode char U+1FE7 (decimal 8167)
   defining Unicode char U+1FE8 (decimal 8168)
   defining Unicode char U+1FE9 (decimal 8169)
   defining Unicode char U+1FEA (decimal 8170)
   defining Unicode char U+1FEB (decimal 8171)
   defining Unicode char U+1FEC (decimal 8172)
   defining Unicode char U+1FED (decimal 8173)
   defining Unicode char U+1FEE (decimal 8174)
   defining Unicode char U+1FEF (decimal 8175)
   defining Unicode char U+1FF2 (decimal 8178)
   defining Unicode char U+1FF3 (decimal 8179)
   defining Unicode char U+1FF4 (decimal 8180)
   defining Unicode char U+1FF6 (decimal 8182)
   defining Unicode char U+1FF7 (decimal 8183)
   defining Unicode char U+1FF8 (decimal 8184)
   defining Unicode char U+1FF9 (decimal 8185)
   defining Unicode char U+1FFA (decimal 8186)
   defining Unicode char U+1FFB (decimal 8187)
   defining Unicode char U+1FFC (decimal 8188)
   defining Unicode char U+1FFD (decimal 8189)
   defining Unicode char U+1FFE (decimal 8190)
   defining Unicode char U+2013 (decimal 8211)
   defining Unicode char U+2014 (decimal 8212)
   defining Unicode char U+2018 (decimal 8216)
   defining Unicode char U+2019 (decimal 8217)
   defining Unicode char U+201A (decimal 8218)
   defining Unicode char U+2030 (decimal 8240)
   defining Unicode char U+2039 (decimal 8249)
   defining Unicode char U+203A (decimal 8250)
   defining Unicode char U+20AC (decimal 8364)
   defining Unicode char U+2126 (decimal 8486)
   defining Unicode char U+10144 (decimal 65860)
   defining Unicode char U+10145 (decimal 65861)
   defining Unicode char U+10146 (decimal 65862)
   defining Unicode char U+10147 (decimal 65863)
) (c:/Users/user/AppData/Roaming/TinyTeX/texmf-dist/tex/latex/greek-fontenc/greek-fontenc.def
File: greek-fontenc.def 2023-09-12 2.5 Common Greek font encoding definitions
LaTeX Encoding Info:    Ignoring declaration for text command \accACUTE (encoding LGR) on input line 251.
LaTeX Encoding Info:    Ignoring declaration for text command \accGRAVE (encoding LGR) on input line 259.
LaTeX Encoding Info:    Ignoring declaration for text command \accTILDE (encoding LGR) on input line 267.
))
LaTeX Encoding Info:    Ignoring declaration for text command \textmugreek (encoding LGR) on input line 638.
)
Package babel Info: Importing font and identification data for english
(babel)             from babel-en.ini. Reported on input line 4356.
 (c:/Users/user/AppData/Roaming/TinyTeX/texmf-dist/tex/generic/babel-english/english.ldf
Language: english 2017/06/06 v3.3r English support from the babel system
Package babel Info: Hyphen rules for 'canadian' set to \l@english
(babel)             (\language0). Reported on input line 102.
Package babel Info: Hyphen rules for 'australian' set to \l@ukenglish
(babel)             (\language3). Reported on input line 105.
Package babel Info: Hyphen rules for 'newzealand' set to \l@ukenglish
(babel)             (\language3). Reported on input line 108.
)) (c:/Users/user/AppData/Roaming/TinyTeX/texmf-dist/tex/latex/greek-fontenc/alphabeta.sty
Package: alphabeta 2023-11-16 2.6 macros for Greek letters in text and math
 (c:/Users/user/AppData/Roaming/TinyTeX/texmf-dist/tex/latex/greek-fontenc/textalpha.sty
Package: textalpha 2023-09-12 2.5 macros for Greek letters in text
   defining Unicode char U+00B5 (decimal 181)
LaTeX Encoding Info:    Ignoring declaration for text command \greekscript (encoding ?) on input line 320.
LaTeX Encoding Info:    Ignoring declaration for text command \ensuregreek (encoding ?) on input line 327.
LaTeX Encoding Info:    Redeclaring text command \textmu (encoding ?) on input line 388.
)) (c:/Users/user/AppData/Roaming/TinyTeX/texmf-dist/tex/latex/graphics/graphicx.sty
Package: graphicx 2026-05-17 v1.2e Enhanced LaTeX Graphics (DPC,SPQR)
 (c:/Users/user/AppData/Roaming/TinyTeX/texmf-dist/tex/latex/graphics/keyval.sty
Package: keyval 2026-05-17 v1.15 key=value parser (DPC)
\KV@toks@=\toks19
) (c:/Users/user/AppData/Roaming/TinyTeX/texmf-dist/tex/latex/graphics/graphics.sty
Package: graphics 2026-05-17 v1.4h Standard LaTeX Graphics (DPC,SPQR)
 (c:/Users/user/AppData/Roaming/TinyTeX/texmf-dist/tex/latex/graphics/trig.sty
Package: trig 2023/12/02 v1.11 sin cos tan (DPC)
) (c:/Users/user/AppData/Roaming/TinyTeX/texmf-dist/tex/latex/graphics-cfg/graphics.cfg
File: graphics.cfg 2016/06/04 v1.11 sample graphics configuration
)
Package graphics Info: Driver file: pdftex.def on input line 106.
 (c:/Users/user/AppData/Roaming/TinyTeX/texmf-dist/tex/latex/graphics-def/pdftex.def
File: pdftex.def 2025/09/29 v1.2d Graphics/color driver for pdftex
))
\Gin@req@height=\dimen152
\Gin@req@width=\dimen153
) (c:/Users/user/AppData/Roaming/TinyTeX/texmf-dist/tex/latex/amsmath/amsmath.sty
Package: amsmath 2026/05/19 v2.18d AMS math features
\@mathmargin=\skip51

For additional information on amsmath, use the `?' option.
(c:/Users/user/AppData/Roaming/TinyTeX/texmf-dist/tex/latex/amsmath/amstext.sty
Package: amstext 2024/11/17 v2.01 AMS text
 (c:/Users/user/AppData/Roaming/TinyTeX/texmf-dist/tex/latex/amsmath/amsgen.sty
File: amsgen.sty 1999/11/30 v2.0 generic functions
\@emptytoks=\toks20
\ex@=\dimen154
)) (c:/Users/user/AppData/Roaming/TinyTeX/texmf-dist/tex/latex/amsmath/amsbsy.sty
Package: amsbsy 1999/11/29 v1.2d Bold Symbols
\pmbraise@=\dimen155
) (c:/Users/user/AppData/Roaming/TinyTeX/texmf-dist/tex/latex/amsmath/amsopn.sty
Package: amsopn 2022/04/08 v2.04 operator names
)
\inf@bad=\count289
LaTeX Info: Redefining \frac on input line 233.
\uproot@=\count290
\leftroot@=\count291
LaTeX Info: Redefining \overline on input line 398.
LaTeX Info: Redefining \colon on input line 409.
\classnum@=\count292
\DOTSCASE@=\count293
LaTeX Info: Redefining \ldots on input line 495.
LaTeX Info: Redefining \dots on input line 498.
LaTeX Info: Redefining \cdots on input line 619.
\Mathstrutbox@=\box53
\strutbox@=\box54
LaTeX Info: Redefining \big on input line 721.
LaTeX Info: Redefining \Big on input line 722.
LaTeX Info: Redefining \bigg on input line 723.
LaTeX Info: Redefining \Bigg on input line 724.
\big@size=\dimen156
LaTeX Font Info:    Redeclaring font encoding OML on input line 742.
LaTeX Font Info:    Redeclaring font encoding OMS on input line 743.
\macc@depth=\count294
LaTeX Info: Redefining \bmod on input line 904.
LaTeX Info: Redefining \pmod on input line 909.
LaTeX Info: Redefining \smash on input line 939.
LaTeX Info: Redefining \relbar on input line 969.
LaTeX Info: Redefining \Relbar on input line 970.
\c@MaxMatrixCols=\count295
\dotsspace@=\muskip17
\c@parentequation=\count296
\dspbrk@lvl=\count297
\tag@help=\toks21
\row@=\count298
\column@=\count299
\maxfields@=\count300
\andhelp@=\toks22
\eqnshift@=\dimen157
\alignsep@=\dimen158
\tagshift@=\dimen159
\tagwidth@=\dimen160
\totwidth@=\dimen161
\lineht@=\dimen162
\@envbody=\toks23
\multlinegap=\skip52
\multlinetaggap=\skip53
\mathdisplay@stack=\toks24
LaTeX Info: Redefining \[ on input line 2965.
LaTeX Info: Redefining \] on input line 2966.
) (c:/Users/user/AppData/Roaming/TinyTeX/texmf-dist/tex/latex/amsfonts/amssymb.sty
Package: amssymb 2013/01/14 v3.01 AMS font symbols
 (c:/Users/user/AppData/Roaming/TinyTeX/texmf-dist/tex/latex/amsfonts/amsfonts.sty
Package: amsfonts 2013/01/14 v3.01 Basic AMSFonts support
\symAMSa=\mathgroup4
\symAMSb=\mathgroup5
LaTeX Font Info:    Redeclaring math symbol \hbar on input line 98.
LaTeX Font Info:    Overwriting math alphabet `\mathfrak' in version `bold'
(Font)                  U/euf/m/n --> U/euf/b/n on input line 106.
)) (c:/Users/user/AppData/Roaming/TinyTeX/texmf-dist/tex/latex/hyperref/hyperref.sty
Package: hyperref 2026-04-24 v7.01q Hypertext links for LaTeX
 (c:/Users/user/AppData/Roaming/TinyTeX/texmf-dist/tex/generic/iftex/iftex.sty
Package: iftex 2024/12/12 v1.0g TeX engine tests
) (c:/Users/user/AppData/Roaming/TinyTeX/texmf-dist/tex/latex/kvsetkeys/kvsetkeys.sty
Package: kvsetkeys 2022-10-05 v1.19 Key value parser (HO)
) (c:/Users/user/AppData/Roaming/TinyTeX/texmf-dist/tex/generic/kvdefinekeys/kvdefinekeys.sty
Package: kvdefinekeys 2019-12-19 v1.6 Define keys (HO)
) (c:/Users/user/AppData/Roaming/TinyTeX/texmf-dist/tex/generic/pdfescape/pdfescape.sty
Package: pdfescape 2019/12/09 v1.15 Implements pdfTeX's escape features (HO)
 (c:/Users/user/AppData/Roaming/TinyTeX/texmf-dist/tex/generic/ltxcmds/ltxcmds.sty
Package: ltxcmds 2023-12-04 v1.26 LaTeX kernel commands for general use (HO)
) (c:/Users/user/AppData/Roaming/TinyTeX/texmf-dist/tex/generic/pdftexcmds/pdftexcmds.sty
Package: pdftexcmds 2020-06-27 v0.33 Utility functions of pdfTeX for LuaTeX (HO)
 (c:/Users/user/AppData/Roaming/TinyTeX/texmf-dist/tex/generic/infwarerr/infwarerr.sty
Package: infwarerr 2019/12/03 v1.5 Providing info/warning/error messages (HO)
)
Package pdftexcmds Info: \pdf@primitive is available.
Package pdftexcmds Info: \pdf@ifprimitive is available.
Package pdftexcmds Info: \pdfdraftmode found.
)) (c:/Users/user/AppData/Roaming/TinyTeX/texmf-dist/tex/latex/hycolor/hycolor.sty
Package: hycolor 2020-01-27 v1.10 Color options for hyperref/bookmark (HO)
) (c:/Users/user/AppData/Roaming/TinyTeX/texmf-dist/tex/latex/hyperref/nameref.sty
Package: nameref 2026-01-29 v2.58 Cross-referencing by name of section
 (c:/Users/user/AppData/Roaming/TinyTeX/texmf-dist/tex/latex/refcount/refcount.sty
Package: refcount 2019/12/15 v3.6 Data extraction from label references (HO)
) (c:/Users/user/AppData/Roaming/TinyTeX/texmf-dist/tex/generic/gettitlestring/gettitlestring.sty
Package: gettitlestring 2019/12/15 v1.6 Cleanup title references (HO)
 (c:/Users/user/AppData/Roaming/TinyTeX/texmf-dist/tex/latex/kvoptions/kvoptions.sty
Package: kvoptions 2022-06-15 v3.15 Key value format for package options (HO)
))
\c@section@level=\count301
) (c:/Users/user/AppData/Roaming/TinyTeX/texmf-dist/tex/latex/etoolbox/etoolbox.sty
Package: etoolbox 2025/10/02 v2.5m e-TeX tools for LaTeX (JAW)
\etb@tempcnta=\count302
) (c:/Users/user/AppData/Roaming/TinyTeX/texmf-dist/tex/generic/stringenc/stringenc.sty
Package: stringenc 2019/11/29 v1.12 Convert strings between diff. encodings (HO)
)
\@linkdim=\dimen163
\Hy@linkcounter=\count303
\Hy@pagecounter=\count304
 (c:/Users/user/AppData/Roaming/TinyTeX/texmf-dist/tex/latex/hyperref/pd1enc.def
File: pd1enc.def 2026-04-24 v7.01q Hyperref: PDFDocEncoding definition (HO)
Now handling font encoding PD1 ...
... no UTF-8 mapping file for font encoding PD1
) (c:/Users/user/AppData/Roaming/TinyTeX/texmf-dist/tex/generic/intcalc/intcalc.sty
Package: intcalc 2019/12/15 v1.3 Expandable calculations with integers (HO)
)
\Hy@SavedSpaceFactor=\count305
 (c:/Users/user/AppData/Roaming/TinyTeX/texmf-dist/tex/latex/hyperref/puenc.def
File: puenc.def 2026-04-24 v7.01q Hyperref: PDF Unicode definition (HO)
Now handling font encoding PU ...
... no UTF-8 mapping file for font encoding PU
 (c:/Users/user/AppData/Roaming/TinyTeX/texmf-dist/tex/latex/greek-fontenc/puenc-greek.def
File: puenc-greek.def 2023-09-12 2.5 Greek LICRs for PDF strings
 (c:/Users/user/AppData/Roaming/TinyTeX/texmf-dist/tex/latex/greek-fontenc/greek-fontenc.def
File: greek-fontenc.def 2023-09-12 2.5 Common Greek font encoding definitions
)
LaTeX Encoding Info:    Redeclaring text command \textmu (encoding PU) on input line 179.
)
LaTeX Encoding Info:    Redeclaring text command \textohm (encoding PU) on input line 1176.
)
Package hyperref Info: Hyper figures OFF on input line 4199.
Package hyperref Info: Link nesting OFF on input line 4204.
Package hyperref Info: Hyper index ON on input line 4207.
Package hyperref Info: Plain pages OFF on input line 4214.
Package hyperref Info: Backreferencing OFF on input line 4219.
Package hyperref Info: Implicit mode ON; LaTeX internals redefined.
Package hyperref Info: Bookmarks ON on input line 4466.
\c@Hy@tempcnt=\count306
 (c:/Users/user/AppData/Roaming/TinyTeX/texmf-dist/tex/latex/url/url.sty
\Urlmuskip=\muskip18
Package: url 2013/09/16  ver 3.4  Verb mode for urls, etc.
)
LaTeX Info: Redefining \url on input line 4805.
\XeTeXLinkMargin=\dimen164
 (c:/Users/user/AppData/Roaming/TinyTeX/texmf-dist/tex/generic/bitset/bitset.sty
Package: bitset 2019/12/09 v1.3 Handle bit-vector datatype (HO)
 (c:/Users/user/AppData/Roaming/TinyTeX/texmf-dist/tex/generic/bigintcalc/bigintcalc.sty
Package: bigintcalc 2019/12/15 v1.5 Expandable calculations on big integers (HO)
))
\Fld@menulength=\count307
\Field@Width=\dimen165
\Fld@charsize=\dimen166
Package hyperref Info: Hyper figures OFF on input line 6091.
Package hyperref Info: Link nesting OFF on input line 6096.
Package hyperref Info: Hyper index ON on input line 6099.
Package hyperref Info: backreferencing OFF on input line 6106.
Package hyperref Info: Link coloring OFF on input line 6111.
Package hyperref Info: Link coloring with OCG OFF on input line 6116.
Package hyperref Info: PDF/A mode OFF on input line 6121.
\Hy@abspage=\count308
\c@Item=\count309
\c@Hfootnote=\count310
)
Package hyperref Info: Driver (autodetected): hpdftex.
 (c:/Users/user/AppData/Roaming/TinyTeX/texmf-dist/tex/latex/hyperref/hpdftex.def
File: hpdftex.def 2026-04-24 v7.01q Hyperref driver for pdfTeX
\Fld@listcount=\count311
\c@bookmark@seq@number=\count312
 (c:/Users/user/AppData/Roaming/TinyTeX/texmf-dist/tex/latex/rerunfilecheck/rerunfilecheck.sty
Package: rerunfilecheck 2025-06-21 v1.11 Rerun checks for auxiliary files (HO)
 (c:/Users/user/AppData/Roaming/TinyTeX/texmf-dist/tex/generic/uniquecounter/uniquecounter.sty
Package: uniquecounter 2019/12/15 v1.4 Provide unlimited unique counter (HO)
)
Package uniquecounter Info: New unique counter `rerunfilecheck' on input line 284.
)
\Hy@SectionHShift=\skip54
) (c:/Users/user/AppData/Roaming/TinyTeX/texmf-dist/tex/latex/booktabs/booktabs.sty
Package: booktabs 2020/01/12 v1.61803398 Publication quality tables
\heavyrulewidth=\dimen167
\lightrulewidth=\dimen168
\cmidrulewidth=\dimen169
\belowrulesep=\dimen170
\belowbottomsep=\dimen171
\aboverulesep=\dimen172
\abovetopsep=\dimen173
\cmidrulesep=\dimen174
\cmidrulekern=\dimen175
\defaultaddspace=\dimen176
\@cmidla=\count313
\@cmidlb=\count314
\@aboverulesep=\dimen177
\@belowrulesep=\dimen178
\@thisruleclass=\count315
\@lastruleclass=\count316
\@thisrulewidth=\dimen179
) (c:/Users/user/AppData/Roaming/TinyTeX/texmf-dist/tex/latex/float/float.sty
Package: float 2001/11/08 v1.3d Float enhancements (AL)
\c@float@type=\count317
\float@exts=\toks25
\float@box=\box55
\@float@everytoks=\toks26
\@floatcapt=\box56
) (c:/Users/user/AppData/Roaming/TinyTeX/texmf-dist/tex/latex/parskip/parskip.sty
Package: parskip 2021-03-14 v2.0h non-zero parskip adjustments
) (c:/Users/user/AppData/Roaming/TinyTeX/texmf-dist/tex/latex/listings/listings.sty
\lst@mode=\count318
\lst@gtempboxa=\box57
\lst@token=\toks27
\lst@length=\count319
\lst@currlwidth=\dimen180
\lst@column=\count320
\lst@pos=\count321
\lst@lostspace=\dimen181
\lst@width=\dimen182
\lst@newlines=\count322
\lst@lineno=\count323
\lst@maxwidth=\dimen183
 (c:/Users/user/AppData/Roaming/TinyTeX/texmf-dist/tex/latex/listings/lstpatch.sty
File: lstpatch.sty 2025/11/14 1.11b (Carsten Heinz)
) (c:/Users/user/AppData/Roaming/TinyTeX/texmf-dist/tex/latex/listings/lstmisc.sty
File: lstmisc.sty 2025/11/14 1.11b (Carsten Heinz)
\c@lstnumber=\count324
\lst@skipnumbers=\count325
\lst@framebox=\box58
) (c:/Users/user/AppData/Roaming/TinyTeX/texmf-dist/tex/latex/listings/listings.cfg
File: listings.cfg 2025/11/14 1.11b listings configuration
))
Package: listings 2025/11/14 1.11b (Carsten Heinz)
 (c:/Users/user/AppData/Roaming/TinyTeX/texmf-dist/tex/latex/xcolor/xcolor.sty
Package: xcolor 2024/09/29 v3.02 LaTeX color extensions (UK)
 (c:/Users/user/AppData/Roaming/TinyTeX/texmf-dist/tex/latex/graphics-cfg/color.cfg
File: color.cfg 2016/01/02 v1.6 sample color configuration
)
Package xcolor Info: Driver file: pdftex.def on input line 274.
 (c:/Users/user/AppData/Roaming/TinyTeX/texmf-dist/tex/latex/graphics/mathcolor.ltx)
Package xcolor Info: Model `cmy' substituted by `cmy0' on input line 1349.
Package xcolor Info: Model `hsb' substituted by `rgb' on input line 1353.
Package xcolor Info: Model `RGB' extended on input line 1365.
Package xcolor Info: Model `HTML' substituted by `rgb' on input line 1367.
Package xcolor Info: Model `Hsb' substituted by `hsb' on input line 1368.
Package xcolor Info: Model `tHsb' substituted by `hsb' on input line 1369.
Package xcolor Info: Model `HSB' substituted by `hsb' on input line 1370.
Package xcolor Info: Model `Gray' substituted by `gray' on input line 1371.
Package xcolor Info: Model `wave' substituted by `hsb' on input line 1372.
) (c:/Users/user/AppData/Roaming/TinyTeX/texmf-dist/tex/latex/geometry/geometry.sty
Package: geometry 2026/03/07 v6.0 Page Geometry
 (c:/Users/user/AppData/Roaming/TinyTeX/texmf-dist/tex/generic/iftex/ifvtex.sty
Package: ifvtex 2019/10/25 v1.7 ifvtex legacy package. Use iftex instead.
)
\Gm@cnth=\count326
\Gm@cntv=\count327
\c@Gm@tempcnt=\count328
\Gm@bindingoffset=\dimen184
\Gm@wd@mp=\dimen185
\Gm@odd@mp=\dimen186
\Gm@even@mp=\dimen187
\Gm@layoutwidth=\dimen188
\Gm@layoutheight=\dimen189
\Gm@layouthoffset=\dimen190
\Gm@layoutvoffset=\dimen191
\Gm@dimlist=\toks28
) (c:/Users/user/AppData/Roaming/TinyTeX/texmf-dist/tex/latex/listings/lstlang1.sty
File: lstlang1.sty 2025/11/14 1.11b listings language file
) (c:/Users/user/AppData/Roaming/TinyTeX/texmf-dist/tex/latex/l3backend/l3backend-pdftex.def
File: l3backend-pdftex.def 2026-02-18 L3 backend support: PDF output (pdfTeX)
\l__color_backend_stack_int=\count329
) (./tda_report.aux
Package babel Info: 'greek' activates 'greek' shorthands.
(babel)             Reported on input line 8.
LaTeX Font Info:    Trying to load font information for LGR+cmr on input line 8.
 (c:/Users/user/AppData/Roaming/TinyTeX/texmf-dist/tex/latex/cbfonts-fd/lgrcmr.fd
File: lgrcmr.fd 2017/07/29 v1.2 Greek European Computer Regular
))
\openout1 = `tda_report.aux'.

LaTeX Font Info:    Checking defaults for OML/cmm/m/it on input line 31.
LaTeX Font Info:    ... okay on input line 31.
LaTeX Font Info:    Checking defaults for OMS/cmsy/m/n on input line 31.
LaTeX Font Info:    ... okay on input line 31.
LaTeX Font Info:    Checking defaults for OT1/cmr/m/n on input line 31.
LaTeX Font Info:    ... okay on input line 31.
LaTeX Font Info:    Checking defaults for T1/cmr/m/n on input line 31.
LaTeX Font Info:    ... okay on input line 31.
LaTeX Font Info:    Checking defaults for TS1/cmr/m/n on input line 31.
LaTeX Font Info:    ... okay on input line 31.
LaTeX Font Info:    Checking defaults for OMX/cmex/m/n on input line 31.
LaTeX Font Info:    ... okay on input line 31.
LaTeX Font Info:    Checking defaults for U/cmr/m/n on input line 31.
LaTeX Font Info:    ... okay on input line 31.
LaTeX Font Info:    Checking defaults for LGR/cmr/m/n on input line 31.
LaTeX Font Info:    ... okay on input line 31.
LaTeX Font Info:    Checking defaults for PD1/pdf/m/n on input line 31.
LaTeX Font Info:    ... okay on input line 31.
LaTeX Font Info:    Checking defaults for PU/pdf/m/n on input line 31.
LaTeX Font Info:    ... okay on input line 31.
LaTeX Info: Redefining \Upsilon on input line 31.
LaTeX Info: Redefining \Omega on input line 31.
LaTeX Info: Redefining \alpha on input line 31.
LaTeX Info: Redefining \epsilon on input line 31.
LaTeX Info: Redefining \eta on input line 31.
LaTeX Info: Redefining \iota on input line 31.
LaTeX Info: Redefining \rho on input line 31.
LaTeX Info: Redefining \upsilon on input line 31.
LaTeX Info: Redefining \omega on input line 31.
   defining Unicode char U+0393 (decimal 915)
   defining Unicode char U+0394 (decimal 916)
   defining Unicode char U+0398 (decimal 920)
   defining Unicode char U+039B (decimal 923)
   defining Unicode char U+039E (decimal 926)
   defining Unicode char U+03A0 (decimal 928)
   defining Unicode char U+03A3 (decimal 931)
   defining Unicode char U+03A5 (decimal 933)
   defining Unicode char U+03A6 (decimal 934)
   defining Unicode char U+03A8 (decimal 936)
   defining Unicode char U+03A9 (decimal 937)
   defining Unicode char U+03B1 (decimal 945)
   defining Unicode char U+03B2 (decimal 946)
   defining Unicode char U+03B3 (decimal 947)
   defining Unicode char U+03B4 (decimal 948)
   defining Unicode char U+03B5 (decimal 949)
   defining Unicode char U+03B6 (decimal 950)
   defining Unicode char U+03B7 (decimal 951)
   defining Unicode char U+03B8 (decimal 952)
   defining Unicode char U+03B9 (decimal 953)
   defining Unicode char U+03BA (decimal 954)
   defining Unicode char U+03BB (decimal 955)
   defining Unicode char U+03BC (decimal 956)
   defining Unicode char U+03BD (decimal 957)
   defining Unicode char U+03BE (decimal 958)
   defining Unicode char U+03C0 (decimal 960)
   defining Unicode char U+03C1 (decimal 961)
   defining Unicode char U+03C2 (decimal 962)
   defining Unicode char U+03C3 (decimal 963)
   defining Unicode char U+03C4 (decimal 964)
   defining Unicode char U+03C5 (decimal 965)
   defining Unicode char U+03C6 (decimal 966)
   defining Unicode char U+03C7 (decimal 967)
   defining Unicode char U+03C8 (decimal 968)
   defining Unicode char U+03C9 (decimal 969)
   defining Unicode char U+03D1 (decimal 977)
   defining Unicode char U+03D5 (decimal 981)
   defining Unicode char U+03D6 (decimal 982)
   defining Unicode char U+03DD (decimal 989)
   defining Unicode char U+03F1 (decimal 1009)
   defining Unicode char U+03F5 (decimal 1013)
 (c:/Users/user/AppData/Roaming/TinyTeX/texmf-dist/tex/latex/epstopdf-pkg/epstopdf-base.sty
Package: epstopdf-base 2020-01-24 v2.11 Base part for package epstopdf
Package epstopdf-base Info: Redefining graphics rule for `.eps' on input line 485.
 (c:/Users/user/AppData/Roaming/TinyTeX/texmf-dist/tex/latex/latexconfig/epstopdf-sys.cfg
File: epstopdf-sys.cfg 2010/07/13 v1.3 Configuration of (r)epstopdf for TeX Live
))
Package hyperref Info: Link coloring OFF on input line 31.
 (./tda_report.out) (./tda_report.out)
\@outlinefile=\write3
\openout3 = `tda_report.out'.

\c@lstlisting=\count330

*geometry* driver: auto-detecting
*geometry* detected driver: pdftex
*geometry* verbose mode - [ preamble ] result:
* driver: pdftex
* paper: <default>
* layout: <same size as paper>
* layoutoffset:(h,v)=(0.0pt,0.0pt)
* modes: 
* h-part:(L,W,R)=(71.13188pt, 472.03123pt, 71.13188pt)
* v-part:(T,H,B)=(56.9055pt, 681.15898pt, 56.9055pt)
* \paperwidth=614.295pt
* \paperheight=794.96999pt
* \textwidth=472.03123pt
* \textheight=681.15898pt
* \oddsidemargin=-1.1381pt
* \evensidemargin=-1.1381pt
* \topmargin=-52.36449pt
* \headheight=12.0pt
* \headsep=25.0pt
* \topskip=12.0pt
* \footskip=30.0pt
* \marginparwidth=44.0pt
* \marginparsep=10.0pt
* \columnsep=10.0pt
* \skip\footins=10.8pt plus 4.0pt minus 2.0pt
* \hoffset=0.0pt
* \voffset=0.0pt
* \mag=1000
* \@twocolumnfalse
* \@twosidefalse
* \@mparswitchfalse
* \@reversemarginfalse
* (1in=72.27pt=25.4mm, 1cm=28.453pt)

<upatras_banner.jpg, id=120, 488.5452pt x 177.3024pt>
File: upatras_banner.jpg Graphic file (type jpg)
<use upatras_banner.jpg>
Package pdftex.def Info: upatras_banner.jpg  used on input line 41.
(pdftex.def)             Requested size: 377.62642pt x 137.0508pt.
LaTeX Font Info:    Trying to load font information for U+msa on input line 46.
(c:/Users/user/AppData/Roaming/TinyTeX/texmf-dist/tex/latex/amsfonts/umsa.fd
File: umsa.fd 2013/01/14 v3.01 AMS symbols A
)
LaTeX Font Info:    Trying to load font information for U+msb on input line 46.
 (c:/Users/user/AppData/Roaming/TinyTeX/texmf-dist/tex/latex/amsfonts/umsb.fd
File: umsb.fd 2013/01/14 v3.01 AMS symbols B
) [1

{c:/Users/user/AppData/Roaming/TinyTeX/texmf-var/fonts/map/pdftex/updmap/pdftex.map} <./upatras_banner.jpg>] (./tda_report.toc)
\tf@toc=\write4
\openout4 = `tda_report.toc'.


pdfTeX warning (ext4): destination with the same identifier (name{page.1}) has been already used, duplicate ignored
<to be read again> 
                   \relax 
l.74 \newpage
              [1] [2] [3] [4]
<instants/a/point_clouds.png, id=190, 867.24pt x 722.7pt>
File: instants/a/point_clouds.png Graphic file (type png)
<use instants/a/point_clouds.png>
Package pdftex.def Info: instants/a/point_clouds.png  used on input line 176.
(pdftex.def)             Requested size: 377.62642pt x 314.69176pt.
 [5]
<instants/a/complex_2d_colored.png, id=212, 578.16pt x 578.16pt>
File: instants/a/complex_2d_colored.png Graphic file (type png)
<use instants/a/complex_2d_colored.png>
Package pdftex.def Info: instants/a/complex_2d_colored.png  used on input line 202.
(pdftex.def)             Requested size: 283.22162pt x 283.22148pt.
 [6
pdfTeX warning (ext4): destination with the same identifier (name{figure.1}) has been already used, duplicate ignored
<argument> ...shipout:D \box_use:N \l_shipout_box 
                                                  \__shipout_drop_firstpage_...
l.205 
      
pdfTeX warning (ext4): destination with the same identifier (name{table.1}) has been already used, duplicate ignored
<argument> ...shipout:D \box_use:N \l_shipout_box 
                                                  \__shipout_drop_firstpage_...
l.205 
       <./instants/a/point_clouds.png>]
<instants/a/filtration_betti.png, id=221, 722.7pt x 361.35pt>
File: instants/a/filtration_betti.png Graphic file (type png)
<use instants/a/filtration_betti.png>
Package pdftex.def Info: instants/a/filtration_betti.png  used on input line 215.
(pdftex.def)             Requested size: 283.22162pt x 141.60963pt.
<instants/a/complex_steps.png, id=222, 1084.05pt x 361.35pt>
File: instants/a/complex_steps.png Graphic file (type png)
<use instants/a/complex_steps.png>
Package pdftex.def Info: instants/a/complex_steps.png  used on input line 221.
(pdftex.def)             Requested size: 377.62642pt x 125.8734pt.
 [7
pdfTeX warning (ext4): destination with the same identifier (name{figure.2}) has been already used, duplicate ignored
<argument> ...shipout:D \box_use:N \l_shipout_box 
                                                  \__shipout_drop_firstpage_...
l.224 
      
pdfTeX warning (ext4): destination with the same identifier (name{figure.3}) has been already used, duplicate ignored
<argument> ...shipout:D \box_use:N \l_shipout_box 
                                                  \__shipout_drop_firstpage_...
l.224 
       <./instants/a/complex_2d_colored.png> <./instants/a/filtration_betti.png>]
<instants/a/complex_3d_persp1.png.png, id=231, 832.61063pt x 706.13812pt>
File: instants/a/complex_3d_persp1.png.png Graphic file (type png)
<use instants/a/complex_3d_persp1.png.png>
Package pdftex.def Info: instants/a/complex_3d_persp1.png.png  used on input line 234.
(pdftex.def)             Requested size: 212.41261pt x 180.14365pt.
<instants/a/complex_3d_persp2.png, id=232, 693.34032pt x 724.20563pt>
File: instants/a/complex_3d_persp2.png Graphic file (type png)
<use instants/a/complex_3d_persp2.png>
Package pdftex.def Info: instants/a/complex_3d_persp2.png  used on input line 235.
(pdftex.def)             Requested size: 212.41261pt x 221.87141pt.
 [8
pdfTeX warning (ext4): destination with the same identifier (name{figure.4}) has been already used, duplicate ignored
<argument> ...shipout:D \box_use:N \l_shipout_box 
                                                  \__shipout_drop_firstpage_...
l.239 \newpage
              
pdfTeX warning (ext4): destination with the same identifier (name{figure.5}) has been already used, duplicate ignored
<argument> ...shipout:D \box_use:N \l_shipout_box 
                                                  \__shipout_drop_firstpage_...
l.239 \newpage
               <./instants/a/complex_steps.png> <./instants/a/complex_3d_persp1.png.png> <./instants/a/complex_3d_persp2.png>]
<instants/b/b1_Random_R2.png, id=242, 1011.78pt x 361.35pt>
File: instants/b/b1_Random_R2.png Graphic file (type png)
<use instants/b/b1_Random_R2.png>
Package pdftex.def Info: instants/b/b1_Random_R2.png  used on input line 268.
(pdftex.def)             Requested size: 212.41261pt x 75.85817pt.
<instants/b/b1_Noisy_Circle.png, id=243, 1011.78pt x 361.35pt>
File: instants/b/b1_Noisy_Circle.png Graphic file (type png)
<use instants/b/b1_Noisy_Circle.png>
Package pdftex.def Info: instants/b/b1_Noisy_Circle.png  used on input line 269.
(pdftex.def)             Requested size: 212.41261pt x 75.85817pt.
<instants/b/b1_Torus_T2.png, id=244, 1011.78pt x 361.35pt>
File: instants/b/b1_Torus_T2.png Graphic file (type png)
<use instants/b/b1_Torus_T2.png>
Package pdftex.def Info: instants/b/b1_Torus_T2.png  used on input line 275.
(pdftex.def)             Requested size: 212.41261pt x 75.85817pt.
<instants/b/b1_Sphere_S2.png, id=245, 1011.78pt x 361.35pt>
File: instants/b/b1_Sphere_S2.png Graphic file (type png)
<use instants/b/b1_Sphere_S2.png>
Package pdftex.def Info: instants/b/b1_Sphere_S2.png  used on input line 276.
(pdftex.def)             Requested size: 212.41261pt x 75.85817pt.
<instants/b/b2_robustness.png, id=246, 578.16pt x 361.35pt>
File: instants/b/b2_robustness.png Graphic file (type png)
<use instants/b/b2_robustness.png>
Package pdftex.def Info: instants/b/b2_robustness.png  used on input line 289.
(pdftex.def)             Requested size: 283.22162pt x 177.01343pt.
 [9
pdfTeX warning (ext4): destination with the same identifier (name{figure.6}) has been already used, duplicate ignored
<argument> ...shipout:D \box_use:N \l_shipout_box 
                                                  \__shipout_drop_firstpage_...
l.292 
      
pdfTeX warning (ext4): destination with the same identifier (name{figure.7}) has been already used, duplicate ignored
<argument> ...shipout:D \box_use:N \l_shipout_box 
                                                  \__shipout_drop_firstpage_...
l.292 
       <./instants/b/b1_Random_R2.png> <./instants/b/b1_Noisy_Circle.png> <./instants/b/b1_Torus_T2.png> <./instants/b/b1_Sphere_S2.png>]
<instants/b/b3_persistence_diagrams_comparison.png, id=263, 867.24pt x 361.35pt>
File: instants/b/b3_persistence_diagrams_comparison.png Graphic file (type png)
<use instants/b/b3_persistence_diagrams_comparison.png>
Package pdftex.def Info: instants/b/b3_persistence_diagrams_comparison.png  used on input line 302.
(pdftex.def)             Requested size: 377.62642pt x 157.34587pt.
<instants/b/b3_persistence_images.png, id=264, 1011.78pt x 361.35pt>
File: instants/b/b3_persistence_images.png Graphic file (type png)
<use instants/b/b3_persistence_images.png>
Package pdftex.def Info: instants/b/b3_persistence_images.png  used on input line 308.
(pdftex.def)             Requested size: 377.62642pt x 134.86632pt.
 [10
pdfTeX warning (ext4): destination with the same identifier (name{figure.8}) has been already used, duplicate ignored
<argument> ...shipout:D \box_use:N \l_shipout_box 
                                                  \__shipout_drop_firstpage_...
l.311 
      
pdfTeX warning (ext4): destination with the same identifier (name{figure.9}) has been already used, duplicate ignored
<argument> ...shipout:D \box_use:N \l_shipout_box 
                                                  \__shipout_drop_firstpage_...
l.311 
       <./instants/b/b2_robustness.png> <./instants/b/b3_persistence_diagrams_comparison.png>] [11
pdfTeX warning (ext4): destination with the same identifier (name{figure.10}) has been already used, duplicate ignored
<argument> ...shipout:D \box_use:N \l_shipout_box 
                                                  \__shipout_drop_firstpage_...
l.312 \newpage
               <./instants/b/b3_persistence_images.png>]
<instants/c/g2_figure_8_pca_1st_component_custom.png, id=279, 578.16pt x 433.62pt>
File: instants/c/g2_figure_8_pca_1st_component_custom.png Graphic file (type png)
<use instants/c/g2_figure_8_pca_1st_component_custom.png>
Package pdftex.def Info: instants/c/g2_figure_8_pca_1st_component_custom.png  used on input line 349.
(pdftex.def)             Requested size: 151.05345pt x 113.2877pt.
<instants/c/g2_figure_8_l2-norm_custom.png, id=280, 578.16pt x 433.62pt>
File: instants/c/g2_figure_8_l2-norm_custom.png Graphic file (type png)
<use instants/c/g2_figure_8_l2-norm_custom.png>
Package pdftex.def Info: instants/c/g2_figure_8_l2-norm_custom.png  used on input line 350.
(pdftex.def)             Requested size: 151.05345pt x 113.2877pt.
<instants/c/g2_figure_8_density_custom.png, id=281, 578.16pt x 433.62pt>
File: instants/c/g2_figure_8_density_custom.png Graphic file (type png)
<use instants/c/g2_figure_8_density_custom.png>
Package pdftex.def Info: instants/c/g2_figure_8_density_custom.png  used on input line 351.
(pdftex.def)             Requested size: 151.05345pt x 113.2877pt.
<instants/c/g2_figure_8_pca_1st_component_kmapper.png, id=282, 666.99188pt x 557.08125pt>
File: instants/c/g2_figure_8_pca_1st_component_kmapper.png Graphic file (type png)
<use instants/c/g2_figure_8_pca_1st_component_kmapper.png>
Package pdftex.def Info: instants/c/g2_figure_8_pca_1st_component_kmapper.png  used on input line 353.
(pdftex.def)             Requested size: 151.05345pt x 126.1624pt.
<instants/c/g2_figure_8_l2-norm_kmapper.png, id=283, 733.99219pt x 691.83469pt>
File: instants/c/g2_figure_8_l2-norm_kmapper.png Graphic file (type png)
<use instants/c/g2_figure_8_l2-norm_kmapper.png>
Package pdftex.def Info: instants/c/g2_figure_8_l2-norm_kmapper.png  used on input line 354.
(pdftex.def)             Requested size: 151.05345pt x 142.37596pt.
<instants/c/g2_figure_8_density_kmapper.png, id=284, 730.98094pt x 679.78969pt>
File: instants/c/g2_figure_8_density_kmapper.png Graphic file (type png)
<use instants/c/g2_figure_8_density_kmapper.png>
Package pdftex.def Info: instants/c/g2_figure_8_density_kmapper.png  used on input line 355.
(pdftex.def)             Requested size: 151.05345pt x 140.46767pt.
 [12]
<instants/c/g2_horse_shoe_pca_1st_component_custom.png, id=298, 578.16pt x 433.62pt>
File: instants/c/g2_horse_shoe_pca_1st_component_custom.png Graphic file (type png)
<use instants/c/g2_horse_shoe_pca_1st_component_custom.png>
Package pdftex.def Info: instants/c/g2_horse_shoe_pca_1st_component_custom.png  used on input line 369.
(pdftex.def)             Requested size: 151.05345pt x 113.2877pt.
<instants/c/g2_horse_shoe_l2-norm_custom.png, id=299, 578.16pt x 433.62pt>
File: instants/c/g2_horse_shoe_l2-norm_custom.png Graphic file (type png)
<use instants/c/g2_horse_shoe_l2-norm_custom.png>
Package pdftex.def Info: instants/c/g2_horse_shoe_l2-norm_custom.png  used on input line 370.
(pdftex.def)             Requested size: 151.05345pt x 113.2877pt.
<instants/c/g2_horse_shoe_density_custom.png, id=300, 578.16pt x 433.62pt>
File: instants/c/g2_horse_shoe_density_custom.png Graphic file (type png)
<use instants/c/g2_horse_shoe_density_custom.png>
Package pdftex.def Info: instants/c/g2_horse_shoe_density_custom.png  used on input line 371.
(pdftex.def)             Requested size: 151.05345pt x 113.2877pt.
<instants/c/g2_horse_shoe_pca_1st_component_kmapper.png, id=301, 662.475pt x 441.90094pt>
File: instants/c/g2_horse_shoe_pca_1st_component_kmapper.png Graphic file (type png)
<use instants/c/g2_horse_shoe_pca_1st_component_kmapper.png>
Package pdftex.def Info: instants/c/g2_horse_shoe_pca_1st_component_kmapper.png  used on input line 373.
(pdftex.def)             Requested size: 151.05345pt x 100.7585pt.
<instants/c/g2_horse_shoe_l2-norm_kmapper.png, id=302, 648.92438pt x 453.19313pt>
File: instants/c/g2_horse_shoe_l2-norm_kmapper.png Graphic file (type png)
<use instants/c/g2_horse_shoe_l2-norm_kmapper.png>
Package pdftex.def Info: instants/c/g2_horse_shoe_l2-norm_kmapper.png  used on input line 374.
(pdftex.def)             Requested size: 151.05345pt x 105.49078pt.
<instants/c/g2_horse_shoe_density_kmapper.png, id=303, 755.07094pt x 626.34pt>
File: instants/c/g2_horse_shoe_density_kmapper.png Graphic file (type png)
<use instants/c/g2_horse_shoe_density_kmapper.png>
Package pdftex.def Info: instants/c/g2_horse_shoe_density_kmapper.png  used on input line 375.
(pdftex.def)             Requested size: 151.05345pt x 125.29445pt.
 [13
pdfTeX warning (ext4): destination with the same identifier (name{figure.11}) has been already used, duplicate ignored
<argument> ...shipout:D \box_use:N \l_shipout_box 
                                                  \__shipout_drop_firstpage_...
l.379 
       <./instants/c/g2_figure_8_pca_1st_component_custom.png> <./instants/c/g2_figure_8_l2-norm_custom.png> <./instants/c/g2_figure_8_density_custom.png> <./instants/c/g2_figure_8_pca_1st_component_kmapper.png> <./instants/c/g2_figure_8_l2-norm_kmapper.png> <./instants/c/g2_figure_8_density_kmapper.png>]
<instants/c/g2_sensitivity_heatmap.png, id=315, 578.16pt x 433.62pt>
File: instants/c/g2_sensitivity_heatmap.png Graphic file (type png)
<use instants/c/g2_sensitivity_heatmap.png>
Package pdftex.def Info: instants/c/g2_sensitivity_heatmap.png  used on input line 392.
(pdftex.def)             Requested size: 283.22162pt x 212.4161pt.
 [14
pdfTeX warning (ext4): destination with the same identifier (name{figure.12}) has been already used, duplicate ignored
<argument> ...shipout:D \box_use:N \l_shipout_box 
                                                  \__shipout_drop_firstpage_...
l.395 
       <./instants/c/g2_horse_shoe_pca_1st_component_custom.png> <./instants/c/g2_horse_shoe_l2-norm_custom.png> <./instants/c/g2_horse_shoe_density_custom.png> <./instants/c/g2_horse_shoe_pca_1st_component_kmapper.png> <./instants/c/g2_horse_shoe_l2-norm_kmapper.png> <./instants/c/g2_horse_shoe_density_kmapper.png>] [15
pdfTeX warning (ext4): destination with the same identifier (name{figure.13}) has been already used, duplicate ignored
<argument> ...shipout:D \box_use:N \l_shipout_box 
                                                  \__shipout_drop_firstpage_...
l.398 \newpage
               <./instants/c/g2_sensitivity_heatmap.png>]
<instants/d/d1_persistence_diagrams.png, id=333, 867.24pt x 361.35pt>
File: instants/d/d1_persistence_diagrams.png Graphic file (type png)
<use instants/d/d1_persistence_diagrams.png>
Package pdftex.def Info: instants/d/d1_persistence_diagrams.png  used on input line 417.
(pdftex.def)             Requested size: 377.62642pt x 157.34587pt.
<instants/d/d1_barcode_malignant.png, id=334, 578.16pt x 289.08pt>
File: instants/d/d1_barcode_malignant.png Graphic file (type png)
<use instants/d/d1_barcode_malignant.png>
Package pdftex.def Info: instants/d/d1_barcode_malignant.png  used on input line 423.
(pdftex.def)             Requested size: 226.57297pt x 113.2833pt.
<instants/d/d1_barcode_benign.png, id=335, 578.16pt x 289.08pt>
File: instants/d/d1_barcode_benign.png Graphic file (type png)
<use instants/d/d1_barcode_benign.png>
Package pdftex.def Info: instants/d/d1_barcode_benign.png  used on input line 424.
(pdftex.def)             Requested size: 226.57297pt x 113.2833pt.
 [16
pdfTeX warning (ext4): destination with the same identifier (name{figure.14}) has been already used, duplicate ignored
<argument> ...shipout:D \box_use:N \l_shipout_box 
                                                  \__shipout_drop_firstpage_...
l.430 
      
pdfTeX warning (ext4): destination with the same identifier (name{figure.15}) has been already used, duplicate ignored
<argument> ...shipout:D \box_use:N \l_shipout_box 
                                                  \__shipout_drop_firstpage_...
l.430 
       <./instants/d/d1_persistence_diagrams.png> <./instants/d/d1_barcode_malignant.png> <./instants/d/d1_barcode_benign.png>]
<instants/d/d1_mapper_graph.png, id=347, 850.67813pt x 746.03719pt>
File: instants/d/d1_mapper_graph.png Graphic file (type png)
<use instants/d/d1_mapper_graph.png>
Package pdftex.def Info: instants/d/d1_mapper_graph.png  used on input line 436.
(pdftex.def)             Requested size: 306.81741pt x 269.07405pt.
 [17
pdfTeX warning (ext4): destination with the same identifier (name{figure.16}) has been already used, duplicate ignored
<argument> ...shipout:D \box_use:N \l_shipout_box 
                                                  \__shipout_drop_firstpage_...
l.448 \end{itemize}
                    <./instants/d/d1_mapper_graph.png>]
<instants/d/d1_sample_persistence_image.png, id=354, 433.62pt x 361.35pt>
File: instants/d/d1_sample_persistence_image.png Graphic file (type png)
<use instants/d/d1_sample_persistence_image.png>
Package pdftex.def Info: instants/d/d1_sample_persistence_image.png  used on input line 452.
(pdftex.def)             Requested size: 212.41261pt x 177.01343pt.
<instants/d/d1_classification_roc.png, id=355, 433.62pt x 361.35pt>
File: instants/d/d1_classification_roc.png Graphic file (type png)
<use instants/d/d1_classification_roc.png>
Package pdftex.def Info: instants/d/d1_classification_roc.png  used on input line 453.
(pdftex.def)             Requested size: 212.41261pt x 177.01343pt.
<instants/d/d2_sp500_persistence_diagrams.png, id=356, 433.62pt x 361.35pt>
File: instants/d/d2_sp500_persistence_diagrams.png Graphic file (type png)
<use instants/d/d2_sp500_persistence_diagrams.png>
Package pdftex.def Info: instants/d/d2_sp500_persistence_diagrams.png  used on input line 481.
(pdftex.def)             Requested size: 226.57297pt x 188.81285pt.
<instants/d/d2_sp500_barcode.png, id=357, 578.16pt x 289.08pt>
File: instants/d/d2_sp500_barcode.png Graphic file (type png)
<use instants/d/d2_sp500_barcode.png>
Package pdftex.def Info: instants/d/d2_sp500_barcode.png  used on input line 482.
(pdftex.def)             Requested size: 226.57297pt x 113.2833pt.
 [18
pdfTeX warning (ext4): destination with the same identifier (name{figure.17}) has been already used, duplicate ignored
<argument> ...shipout:D \box_use:N \l_shipout_box 
                                                  \__shipout_drop_firstpage_...
l.486 
       <./instants/d/d1_sample_persistence_image.png> <./instants/d/d1_classification_roc.png>]
<instants/d/d2_sp500_3d_embedding.png, id=370, 578.16pt x 433.62pt>
File: instants/d/d2_sp500_3d_embedding.png Graphic file (type png)
<use instants/d/d2_sp500_3d_embedding.png>
Package pdftex.def Info: instants/d/d2_sp500_3d_embedding.png  used on input line 495.
(pdftex.def)             Requested size: 283.22162pt x 212.4161pt.
 [19
pdfTeX warning (ext4): destination with the same identifier (name{figure.18}) has been already used, duplicate ignored
<argument> ...shipout:D \box_use:N \l_shipout_box 
                                                  \__shipout_drop_firstpage_...
l.501 
      
pdfTeX warning (ext4): destination with the same identifier (name{figure.19}) has been already used, duplicate ignored
<argument> ...shipout:D \box_use:N \l_shipout_box 
                                                  \__shipout_drop_firstpage_...
l.501 
       <./instants/d/d2_sp500_persistence_diagrams.png> <./instants/d/d2_sp500_barcode.png> <./instants/d/d2_sp500_3d_embedding.png>]
<instants/d/d2_sp500_dim_reduction.png, id=381, 1084.05pt x 361.35pt>
File: instants/d/d2_sp500_dim_reduction.png Graphic file (type png)
<use instants/d/d2_sp500_dim_reduction.png>
Package pdftex.def Info: instants/d/d2_sp500_dim_reduction.png  used on input line 504.
(pdftex.def)             Requested size: 424.82523pt x 141.60963pt.
<instants/d/d2_sp500_mapper_graph.png, id=383, 986.9372pt x 843.15pt>
File: instants/d/d2_sp500_mapper_graph.png Graphic file (type png)
<use instants/d/d2_sp500_mapper_graph.png>
Package pdftex.def Info: instants/d/d2_sp500_mapper_graph.png  used on input line 520.
(pdftex.def)             Requested size: 330.42041pt x 282.28009pt.
 [20
pdfTeX warning (ext4): destination with the same identifier (name{figure.20}) has been already used, duplicate ignored
<argument> ...shipout:D \box_use:N \l_shipout_box 
                                                  \__shipout_drop_firstpage_...
l.524 
       <./instants/d/d2_sp500_dim_reduction.png>] [21
pdfTeX warning (ext4): destination with the same identifier (name{figure.21}) has been already used, duplicate ignored
<argument> ...shipout:D \box_use:N \l_shipout_box 
                                                  \__shipout_drop_firstpage_...
l.541     \item \textbf
                       {Διατήρηση Σχήματος:} Ο \foreignlan... <./instants/d/d2_sp500_mapper_graph.png>] [22]
<instants/e/e1_sliding_windows.png, id=403, 1003.1076pt x 351.714pt>
File: instants/e/e1_sliding_windows.png Graphic file (type png)
<use instants/e/e1_sliding_windows.png>
Package pdftex.def Info: instants/e/e1_sliding_windows.png  used on input line 560.
(pdftex.def)             Requested size: 401.22942pt x 140.67773pt.
<instants/e/e1_summary_comparison.png, id=404, 1148.6112pt x 761.244pt>
File: instants/e/e1_summary_comparison.png Graphic file (type png)
<use instants/e/e1_summary_comparison.png>
Package pdftex.def Info: instants/e/e1_summary_comparison.png  used on input line 573.
(pdftex.def)             Requested size: 424.82523pt x 281.55133pt.
 [23
pdfTeX warning (ext4): destination with the same identifier (name{figure.22}) has been already used, duplicate ignored
<argument> ...shipout:D \box_use:N \l_shipout_box 
                                                  \__shipout_drop_firstpage_...
l.577 
       <./instants/e/e1_sliding_windows.png>] [24
pdfTeX warning (ext4): destination with the same identifier (name{figure.23}) has been already used, duplicate ignored
<argument> ...shipout:D \box_use:N \l_shipout_box 
                                                  \__shipout_drop_firstpage_...
l.583 \newpage
               <./instants/e/e1_summary_comparison.png>]
<instants/e/e2_training_curves.png, id=420, 1147.6476pt x 355.5684pt>
File: instants/e/e2_training_curves.png Graphic file (type png)
<use instants/e/e2_training_curves.png>
Package pdftex.def Info: instants/e/e2_training_curves.png  used on input line 616.
(pdftex.def)             Requested size: 226.57297pt x 70.1955pt.
<instants/e/e2_roc_curves.png, id=421, 570.4512pt x 496.254pt>
File: instants/e/e2_roc_curves.png Graphic file (type png)
<use instants/e/e2_roc_curves.png>
Package pdftex.def Info: instants/e/e2_roc_curves.png  used on input line 623.
(pdftex.def)             Requested size: 203.91428pt x 177.3943pt.
 [25
pdfTeX warning (ext4): destination with the same identifier (name{table.2}) has been already used, duplicate ignored
<argument> ...shipout:D \box_use:N \l_shipout_box 
                                                  \__shipout_drop_firstpage_...
l.628 
      ]
<instants/e/e2_latent_spaces.png, id=429, 1004.553pt x 428.3202pt>
File: instants/e/e2_latent_spaces.png Graphic file (type png)
<use instants/e/e2_latent_spaces.png>
Package pdftex.def Info: instants/e/e2_latent_spaces.png  used on input line 633.
(pdftex.def)             Requested size: 226.57297pt x 96.60316pt.
<instants/e/e2_persistence_diagrams.png, id=430, 1003.1076pt x 426.393pt>
File: instants/e/e2_persistence_diagrams.png Graphic file (type png)
<use instants/e/e2_persistence_diagrams.png>
Package pdftex.def Info: instants/e/e2_persistence_diagrams.png  used on input line 640.
(pdftex.def)             Requested size: 226.57297pt x 96.30513pt.
 [26
pdfTeX warning (ext4): destination with the same identifier (name{figure.24}) has been already used, duplicate ignored
<argument> ...shipout:D \box_use:N \l_shipout_box 
                                                  \__shipout_drop_firstpage_...
l.653 \newpage
              
pdfTeX warning (ext4): destination with the same identifier (name{figure.25}) has been already used, duplicate ignored
<argument> ...shipout:D \box_use:N \l_shipout_box 
                                                  \__shipout_drop_firstpage_...
l.653 \newpage
              
pdfTeX warning (ext4): destination with the same identifier (name{figure.26}) has been already used, duplicate ignored
<argument> ...shipout:D \box_use:N \l_shipout_box 
                                                  \__shipout_drop_firstpage_...
l.653 \newpage
              
pdfTeX warning (ext4): destination with the same identifier (name{figure.27}) has been already used, duplicate ignored
<argument> ...shipout:D \box_use:N \l_shipout_box 
                                                  \__shipout_drop_firstpage_...
l.653 \newpage
               <./instants/e/e2_training_curves.png> <./instants/e/e2_roc_curves.png> <./instants/e/e2_latent_spaces.png> <./instants/e/e2_persistence_diagrams.png>] [27] [28] [29] (./tda_report.aux)
 ***********
LaTeX2e <2026-06-01>
L3 programming layer <2026-05-26>
 ***********
Package rerunfilecheck Info: File `tda_report.out' has not changed.
(rerunfilecheck)             Checksum: 1BCA110429C209E530A24992E3EB000C;7170.
 ) 
Here is how much of TeX's memory you used:
 16395 strings out of 469050
 269512 string characters out of 5456106
 956714 words of memory out of 5000000
 45075 multiletter control sequences out of 15000+600000
 648245 words of font info for 98 fonts, out of 8000000 for 9000
 81 hyphenation exceptions out of 8191
 74i,9n,79p,1463b,1291s stack positions out of 10000i,1000n,20000p,200000b,200000s
 <c:/Users/user/AppData/Roaming/TinyTeX/texmf-var/fonts/pk/ljfour/jknappen/ec/tcrm1200.600pk><c:/Users/user/AppData/Roaming/TinyTeX/texmf-dist/fonts/type1/public/amsfonts/cm/cmbx12.pfb><c:/Users/user/AppData/Roaming/TinyTeX/texmf-dist/fonts/type1/public/amsfonts/cm/cmex10.pfb><c:/Users/user/AppData/Roaming/TinyTeX/texmf-dist/fonts/type1/public/amsfonts/cm/cmitt10.pfb><c:/Users/user/AppData/Roaming/TinyTeX/texmf-dist/fonts/type1/public/amsfonts/cm/cmmi12.pfb><c:/Users/user/AppData/Roaming/TinyTeX/texmf-dist/fonts/type1/public/amsfonts/cm/cmmi8.pfb><c:/Users/user/AppData/Roaming/TinyTeX/texmf-dist/fonts/type1/public/amsfonts/cm/cmr12.pfb><c:/Users/user/AppData/Roaming/TinyTeX/texmf-dist/fonts/type1/public/amsfonts/cm/cmr17.pfb><c:/Users/user/AppData/Roaming/TinyTeX/texmf-dist/fonts/type1/public/amsfonts/cm/cmr6.pfb><c:/Users/user/AppData/Roaming/TinyTeX/texmf-dist/fonts/type1/public/amsfonts/cm/cmr8.pfb><c:/Users/user/AppData/Roaming/TinyTeX/texmf-dist/fonts/type1/public/amsfonts/cm/cmsy10.pfb><c:/Users/user/AppData/Roaming/TinyTeX/texmf-dist/fonts/type1/public/amsfonts/cm/cmti12.pfb><c:/Users/user/AppData/Roaming/TinyTeX/texmf-dist/fonts/type1/public/amsfonts/cm/cmtt10.pfb><c:/Users/user/AppData/Roaming/TinyTeX/texmf-dist/fonts/type1/public/amsfonts/cm/cmtt12.pfb><c:/Users/user/AppData/Roaming/TinyTeX/texmf-dist/fonts/type1/public/cbfonts/grmi1200.pfb><c:/Users/user/AppData/Roaming/TinyTeX/texmf-dist/fonts/type1/public/cbfonts/grmn0800.pfb><c:/Users/user/AppData/Roaming/TinyTeX/texmf-dist/fonts/type1/public/cbfonts/grmn1200.pfb><c:/Users/user/AppData/Roaming/TinyTeX/texmf-dist/fonts/type1/public/cbfonts/grmn1440.pfb><c:/Users/user/AppData/Roaming/TinyTeX/texmf-dist/fonts/type1/public/cbfonts/grmn1728.pfb><c:/Users/user/AppData/Roaming/TinyTeX/texmf-dist/fonts/type1/public/cbfonts/grxn1200.pfb><c:/Users/user/AppData/Roaming/TinyTeX/texmf-dist/fonts/type1/public/cbfonts/grxn1440.pfb><c:/Users/user/AppData/Roaming/TinyTeX/texmf-dist/fonts/type1/public/cbfonts/grxn1728.pfb><c:/Users/user/AppData/Roaming/TinyTeX/texmf-dist/fonts/type1/public/cbfonts/grxn2488.pfb><c:/Users/user/AppData/Roaming/TinyTeX/texmf-dist/fonts/type1/public/amsfonts/symbols/msbm10.pfb>
Output written on tda_report.pdf (30 pages, 2853458 bytes).
PDF statistics:
 602 PDF objects out of 1000 (max. 8388607)
 431 compressed objects within 5 object streams
 136 named destinations out of 1000 (max. 500000)
 453 words of extra memory for PDF output out of 10000 (max. 10000000)

